// Jest Snapshot v1, https://goo.gl/fbAQLP

exports[`Ads.Redux.Reducer should add an ad to the ads array when dispatching an ADD_AD action 1`] = `
Array [
  1,
  2,
  3,
]
`;

exports[`Ads.Redux.Reducer should clear the ads array when dispatching an CLEAR_ADS action 1`] = `Array []`;
